  Wiederherzustellende Projekte werden ermittelt...
  "d:\DEV\TicketsPlease\src\TicketsPlease.Infrastructure\TicketsPlease.Infrastructure.csproj" wiederhergestellt (in 358 ms.).
  "D:\DEV\TicketsPlease\tests\TicketsPlease.UnitTests\TicketsPlease.UnitTests.csproj" wiederhergestellt (in 358 ms.).
  "d:\DEV\TicketsPlease\tests\TicketsPlease.IntegrationTests\TicketsPlease.IntegrationTests.csproj" wiederhergestellt (in 358 ms.).
  "d:\DEV\TicketsPlease\tests\TicketsPlease.ArchitectureTests\TicketsPlease.ArchitectureTests.csproj" wiederhergestellt (in 358 ms.).
  "d:\DEV\TicketsPlease\tests\TicketsPlease.E2ETests\TicketsPlease.E2ETests.csproj" wiederhergestellt (in 358 ms.).
  "D:\DEV\TicketsPlease\src\TicketsPlease.Web\TicketsPlease.Web.csproj" wiederhergestellt (in 366 ms.).
  2 von 8 Projekten sind für die Wiederherstellung auf dem neuesten Stand.
D:\DEV\TicketsPlease\src\TicketsPlease.Domain\Entities\Message.cs(73,33): warning CA2227: Legen Sie "Attachments" als schreibgeschützt fest, indem Sie den Setter für die Eigenschaft entfernen. (https://learn.microsoft.com/dotnet/fundamentals/code-analysis/quality-rules/ca2227) [D:\DEV\TicketsPlease\src\TicketsPlease.Domain\TicketsPlease.Domain.csproj]
D:\DEV\TicketsPlease\src\TicketsPlease.Domain\Entities\Ticket.cs(472,31): warning SA1611: The documentation for parameter 'responseLimit' is missing (https://github.com/DotNetAnalyzers/StyleCopAnalyzers/blob/master/documentation/SA1611.md) [D:\DEV\TicketsPlease\src\TicketsPlease.Domain\TicketsPlease.Domain.csproj]
D:\DEV\TicketsPlease\src\TicketsPlease.Domain\Entities\Ticket.cs(472,55): warning SA1611: The documentation for parameter 'resolutionLimit' is missing (https://github.com/DotNetAnalyzers/StyleCopAnalyzers/blob/master/documentation/SA1611.md) [D:\DEV\TicketsPlease\src\TicketsPlease.Domain\TicketsPlease.Domain.csproj]
D:\DEV\TicketsPlease\src\TicketsPlease.Domain\Entities\Ticket.cs(443,27): warning S3267: Loops should be simplified using the "Where" LINQ method [D:\DEV\TicketsPlease\src\TicketsPlease.Domain\TicketsPlease.Domain.csproj]
  TicketsPlease.Domain -> d:\DEV\TicketsPlease\src\TicketsPlease.Domain\bin\Release\net10.0\TicketsPlease.Domain.dll
D:\DEV\TicketsPlease\src\TicketsPlease.Application\Services\TeamService.cs(36,18): error CS0411: Die Typargumente der Enumerable.Select<TSource, TResult>(IEnumerable<TSource>, Func<TSource, int, TResult>)-Methode können nicht per Rückschluss aus der Syntax abgeleitet werden. Geben Sie die Typargumente explizit an. [D:\DEV\TicketsPlease\src\TicketsPlease.Application\TicketsPlease.Application.csproj]
D:\DEV\TicketsPlease\src\TicketsPlease.Application\Services\TeamService.cs(43,27): error CS0176: Auf den Member "TeamService.MapToDto(Team)" kann nicht mit einem Instanzverweis zugegriffen werden. Qualifizieren Sie ihn stattdessen mit einem Typnamen. [D:\DEV\TicketsPlease\src\TicketsPlease.Application\TicketsPlease.Application.csproj]
D:\DEV\TicketsPlease\src\TicketsPlease.Application\Services\TeamService.cs(50,18): error CS0411: Die Typargumente der Enumerable.Select<TSource, TResult>(IEnumerable<TSource>, Func<TSource, int, TResult>)-Methode können nicht per Rückschluss aus der Syntax abgeleitet werden. Geben Sie die Typargumente explizit an. [D:\DEV\TicketsPlease\src\TicketsPlease.Application\TicketsPlease.Application.csproj]
D:\DEV\TicketsPlease\src\TicketsPlease.Application\Services\TicketService.cs(178,235): warning CS8602: Dereferenzierung eines möglichen Nullverweises. [D:\DEV\TicketsPlease\src\TicketsPlease.Application\TicketsPlease.Application.csproj]
D:\DEV\TicketsPlease\src\TicketsPlease.Application\Services\TicketService.cs(184,218): warning CS8602: Dereferenzierung eines möglichen Nullverweises. [D:\DEV\TicketsPlease\src\TicketsPlease.Application\TicketsPlease.Application.csproj]
D:\DEV\TicketsPlease\src\TicketsPlease.Application\Services\TicketService.cs(190,228): warning CS8602: Dereferenzierung eines möglichen Nullverweises. [D:\DEV\TicketsPlease\src\TicketsPlease.Application\TicketsPlease.Application.csproj]
D:\DEV\TicketsPlease\src\TicketsPlease.Application\Services\MessageService.cs(105,21): warning SA1202: 'public' members should come before 'private' members (https://github.com/DotNetAnalyzers/StyleCopAnalyzers/blob/master/documentation/SA1202.md) [D:\DEV\TicketsPlease\src\TicketsPlease.Application\TicketsPlease.Application.csproj]
D:\DEV\TicketsPlease\src\TicketsPlease.Application\Services\TicketService.cs(184,128): warning CA1305: Das Verhalten von "int?.ToString()" kann je nach den Gebietsschemaeinstellungen des Benutzers variieren. Ersetzen Sie diesen Aufruf in "TicketService.UpdateTicketAsync(UpdateTicketDto)" durch einen Aufruf an "int.ToString(IFormatProvider)". (https://learn.microsoft.com/dotnet/fundamentals/code-analysis/quality-rules/ca1305) [D:\DEV\TicketsPlease\src\TicketsPlease.Application\TicketsPlease.Application.csproj]
D:\DEV\TicketsPlease\src\TicketsPlease.Application\Services\TicketService.cs(184,173): warning CA1305: Das Verhalten von "int?.ToString()" kann je nach den Gebietsschemaeinstellungen des Benutzers variieren. Ersetzen Sie diesen Aufruf in "TicketService.UpdateTicketAsync(UpdateTicketDto)" durch einen Aufruf an "int.ToString(IFormatProvider)". (https://learn.microsoft.com/dotnet/fundamentals/code-analysis/quality-rules/ca1305) [D:\DEV\TicketsPlease\src\TicketsPlease.Application\TicketsPlease.Application.csproj]
D:\DEV\TicketsPlease\src\TicketsPlease.Application\Services\TicketService.cs(190,130): warning CA1305: Das Verhalten von "int.ToString()" kann je nach den Gebietsschemaeinstellungen des Benutzers variieren. Ersetzen Sie diesen Aufruf in "TicketService.UpdateTicketAsync(UpdateTicketDto)" durch einen Aufruf an "int.ToString(IFormatProvider)". (https://learn.microsoft.com/dotnet/fundamentals/code-analysis/quality-rules/ca1305) [D:\DEV\TicketsPlease\src\TicketsPlease.Application\TicketsPlease.Application.csproj]
D:\DEV\TicketsPlease\src\TicketsPlease.Application\Services\TicketService.cs(190,179): warning CA1305: Das Verhalten von "int.ToString()" kann je nach den Gebietsschemaeinstellungen des Benutzers variieren. Ersetzen Sie diesen Aufruf in "TicketService.UpdateTicketAsync(UpdateTicketDto)" durch einen Aufruf an "int.ToString(IFormatProvider)". (https://learn.microsoft.com/dotnet/fundamentals/code-analysis/quality-rules/ca1305) [D:\DEV\TicketsPlease\src\TicketsPlease.Application\TicketsPlease.Application.csproj]

Fehler beim Buildvorgang.

D:\DEV\TicketsPlease\src\TicketsPlease.Domain\Entities\Message.cs(73,33): warning CA2227: Legen Sie "Attachments" als schreibgeschützt fest, indem Sie den Setter für die Eigenschaft entfernen. (https://learn.microsoft.com/dotnet/fundamentals/code-analysis/quality-rules/ca2227) [D:\DEV\TicketsPlease\src\TicketsPlease.Domain\TicketsPlease.Domain.csproj]
D:\DEV\TicketsPlease\src\TicketsPlease.Domain\Entities\Ticket.cs(472,31): warning SA1611: The documentation for parameter 'responseLimit' is missing (https://github.com/DotNetAnalyzers/StyleCopAnalyzers/blob/master/documentation/SA1611.md) [D:\DEV\TicketsPlease\src\TicketsPlease.Domain\TicketsPlease.Domain.csproj]
D:\DEV\TicketsPlease\src\TicketsPlease.Domain\Entities\Ticket.cs(472,55): warning SA1611: The documentation for parameter 'resolutionLimit' is missing (https://github.com/DotNetAnalyzers/StyleCopAnalyzers/blob/master/documentation/SA1611.md) [D:\DEV\TicketsPlease\src\TicketsPlease.Domain\TicketsPlease.Domain.csproj]
D:\DEV\TicketsPlease\src\TicketsPlease.Domain\Entities\Ticket.cs(443,27): warning S3267: Loops should be simplified using the "Where" LINQ method [D:\DEV\TicketsPlease\src\TicketsPlease.Domain\TicketsPlease.Domain.csproj]
D:\DEV\TicketsPlease\src\TicketsPlease.Application\Services\TicketService.cs(178,235): warning CS8602: Dereferenzierung eines möglichen Nullverweises. [D:\DEV\TicketsPlease\src\TicketsPlease.Application\TicketsPlease.Application.csproj]
D:\DEV\TicketsPlease\src\TicketsPlease.Application\Services\TicketService.cs(184,218): warning CS8602: Dereferenzierung eines möglichen Nullverweises. [D:\DEV\TicketsPlease\src\TicketsPlease.Application\TicketsPlease.Application.csproj]
D:\DEV\TicketsPlease\src\TicketsPlease.Application\Services\TicketService.cs(190,228): warning CS8602: Dereferenzierung eines möglichen Nullverweises. [D:\DEV\TicketsPlease\src\TicketsPlease.Application\TicketsPlease.Application.csproj]
D:\DEV\TicketsPlease\src\TicketsPlease.Application\Services\MessageService.cs(105,21): warning SA1202: 'public' members should come before 'private' members (https://github.com/DotNetAnalyzers/StyleCopAnalyzers/blob/master/documentation/SA1202.md) [D:\DEV\TicketsPlease\src\TicketsPlease.Application\TicketsPlease.Application.csproj]
D:\DEV\TicketsPlease\src\TicketsPlease.Application\Services\TicketService.cs(184,128): warning CA1305: Das Verhalten von "int?.ToString()" kann je nach den Gebietsschemaeinstellungen des Benutzers variieren. Ersetzen Sie diesen Aufruf in "TicketService.UpdateTicketAsync(UpdateTicketDto)" durch einen Aufruf an "int.ToString(IFormatProvider)". (https://learn.microsoft.com/dotnet/fundamentals/code-analysis/quality-rules/ca1305) [D:\DEV\TicketsPlease\src\TicketsPlease.Application\TicketsPlease.Application.csproj]
D:\DEV\TicketsPlease\src\TicketsPlease.Application\Services\TicketService.cs(184,173): warning CA1305: Das Verhalten von "int?.ToString()" kann je nach den Gebietsschemaeinstellungen des Benutzers variieren. Ersetzen Sie diesen Aufruf in "TicketService.UpdateTicketAsync(UpdateTicketDto)" durch einen Aufruf an "int.ToString(IFormatProvider)". (https://learn.microsoft.com/dotnet/fundamentals/code-analysis/quality-rules/ca1305) [D:\DEV\TicketsPlease\src\TicketsPlease.Application\TicketsPlease.Application.csproj]
D:\DEV\TicketsPlease\src\TicketsPlease.Application\Services\TicketService.cs(190,130): warning CA1305: Das Verhalten von "int.ToString()" kann je nach den Gebietsschemaeinstellungen des Benutzers variieren. Ersetzen Sie diesen Aufruf in "TicketService.UpdateTicketAsync(UpdateTicketDto)" durch einen Aufruf an "int.ToString(IFormatProvider)". (https://learn.microsoft.com/dotnet/fundamentals/code-analysis/quality-rules/ca1305) [D:\DEV\TicketsPlease\src\TicketsPlease.Application\TicketsPlease.Application.csproj]
D:\DEV\TicketsPlease\src\TicketsPlease.Application\Services\TicketService.cs(190,179): warning CA1305: Das Verhalten von "int.ToString()" kann je nach den Gebietsschemaeinstellungen des Benutzers variieren. Ersetzen Sie diesen Aufruf in "TicketService.UpdateTicketAsync(UpdateTicketDto)" durch einen Aufruf an "int.ToString(IFormatProvider)". (https://learn.microsoft.com/dotnet/fundamentals/code-analysis/quality-rules/ca1305) [D:\DEV\TicketsPlease\src\TicketsPlease.Application\TicketsPlease.Application.csproj]
D:\DEV\TicketsPlease\src\TicketsPlease.Application\Services\TeamService.cs(36,18): error CS0411: Die Typargumente der Enumerable.Select<TSource, TResult>(IEnumerable<TSource>, Func<TSource, int, TResult>)-Methode können nicht per Rückschluss aus der Syntax abgeleitet werden. Geben Sie die Typargumente explizit an. [D:\DEV\TicketsPlease\src\TicketsPlease.Application\TicketsPlease.Application.csproj]
D:\DEV\TicketsPlease\src\TicketsPlease.Application\Services\TeamService.cs(43,27): error CS0176: Auf den Member "TeamService.MapToDto(Team)" kann nicht mit einem Instanzverweis zugegriffen werden. Qualifizieren Sie ihn stattdessen mit einem Typnamen. [D:\DEV\TicketsPlease\src\TicketsPlease.Application\TicketsPlease.Application.csproj]
D:\DEV\TicketsPlease\src\TicketsPlease.Application\Services\TeamService.cs(50,18): error CS0411: Die Typargumente der Enumerable.Select<TSource, TResult>(IEnumerable<TSource>, Func<TSource, int, TResult>)-Methode können nicht per Rückschluss aus der Syntax abgeleitet werden. Geben Sie die Typargumente explizit an. [D:\DEV\TicketsPlease\src\TicketsPlease.Application\TicketsPlease.Application.csproj]
    12 Warnung(en)
    3 Fehler

Verstrichene Zeit 00:00:03.40
