  Wiederherzustellende Projekte werden ermittelt...
  Alle Projekte sind f├╝r die Wiederherstellung auf dem neuesten Stand.
  TicketsPlease.Domain -> D:\DEV\TicketsPlease\src\TicketsPlease.Domain\bin\Debug\net10.0\TicketsPlease.Domain.dll
D:\DEV\TicketsPlease\src\TicketsPlease.Application\Services\TicketService.cs(153,50): error CS1061: "User" enth├ñlt keine Definition f├╝r "Name", und es konnte keine zug├ñngliche Name-Erweiterungsmethode gefunden werden, die ein erstes Argument vom Typ "User" akzeptiert (m├Âglicherweise fehlt eine using-Direktive oder ein Assemblyverweis). [D:\DEV\TicketsPlease\src\TicketsPlease.Application\TicketsPlease.Application.csproj]
D:\DEV\TicketsPlease\src\TicketsPlease.Application\Services\TicketService.cs(155,98): error CS1061: "User" enth├ñlt keine Definition f├╝r "Name", und es konnte keine zug├ñngliche Name-Erweiterungsmethode gefunden werden, die ein erstes Argument vom Typ "User" akzeptiert (m├Âglicherweise fehlt eine using-Direktive oder ein Assemblyverweis). [D:\DEV\TicketsPlease\src\TicketsPlease.Application\TicketsPlease.Application.csproj]
D:\DEV\TicketsPlease\src\TicketsPlease.Application\Common\Dtos\DashboardStatsDto.cs(1,1): warning SA1633: The file header is missing or not located at the top of the file. (https://github.com/DotNetAnalyzers/StyleCopAnalyzers/blob/master/documentation/SA1633.md) [D:\DEV\TicketsPlease\src\TicketsPlease.Application\TicketsPlease.Application.csproj]
D:\DEV\TicketsPlease\src\TicketsPlease.Application\Common\Dtos\DashboardStatsDto.cs(16,1): warning SA1009: Closing parenthesis should not be preceded by a space (https://github.com/DotNetAnalyzers/StyleCopAnalyzers/blob/master/documentation/SA1009.md) [D:\DEV\TicketsPlease\src\TicketsPlease.Application\TicketsPlease.Application.csproj]
D:\DEV\TicketsPlease\src\TicketsPlease.Application\Common\Interfaces\IDashboardService.cs(1,1): warning SA1633: The file header is missing or not located at the top of the file. (https://github.com/DotNetAnalyzers/StyleCopAnalyzers/blob/master/documentation/SA1633.md) [D:\DEV\TicketsPlease\src\TicketsPlease.Application\TicketsPlease.Application.csproj]
D:\DEV\TicketsPlease\src\TicketsPlease.Application\Services\MessageService.cs(96,21): warning SA1202: 'public' members should come before 'private' members (https://github.com/DotNetAnalyzers/StyleCopAnalyzers/blob/master/documentation/SA1202.md) [D:\DEV\TicketsPlease\src\TicketsPlease.Application\TicketsPlease.Application.csproj]
D:\DEV\TicketsPlease\src\TicketsPlease.Application\Services\DashboardService.cs(27,27): warning SA1611: The documentation for parameter 'ticketRepository' is missing (https://github.com/DotNetAnalyzers/StyleCopAnalyzers/blob/master/documentation/SA1611.md) [D:\DEV\TicketsPlease\src\TicketsPlease.Application\TicketsPlease.Application.csproj]
D:\DEV\TicketsPlease\src\TicketsPlease.Application\Services\DashboardService.cs(28,28): warning SA1611: The documentation for parameter 'projectRepository' is missing (https://github.com/DotNetAnalyzers/StyleCopAnalyzers/blob/master/documentation/SA1611.md) [D:\DEV\TicketsPlease\src\TicketsPlease.Application\TicketsPlease.Application.csproj]
D:\DEV\TicketsPlease\src\TicketsPlease.Application\Services\DashboardService.cs(29,27): warning SA1611: The documentation for parameter 'userManager' is missing (https://github.com/DotNetAnalyzers/StyleCopAnalyzers/blob/master/documentation/SA1611.md) [D:\DEV\TicketsPlease\src\TicketsPlease.Application\TicketsPlease.Application.csproj]
D:\DEV\TicketsPlease\src\TicketsPlease.Application\Services\DashboardService.cs(30,27): warning SA1611: The documentation for parameter 'roleManager' is missing (https://github.com/DotNetAnalyzers/StyleCopAnalyzers/blob/master/documentation/SA1611.md) [D:\DEV\TicketsPlease\src\TicketsPlease.Application\TicketsPlease.Application.csproj]
D:\DEV\TicketsPlease\src\TicketsPlease.Application\Services\DashboardService.cs(53,30): warning S3267: Loop should be simplified by calling Select(role => role.Name)) [D:\DEV\TicketsPlease\src\TicketsPlease.Application\TicketsPlease.Application.csproj]
D:\DEV\TicketsPlease\src\TicketsPlease.Application\Services\DashboardService.cs(67,9): warning SA1111: Closing parenthesis should be on line of last parameter (https://github.com/DotNetAnalyzers/StyleCopAnalyzers/blob/master/documentation/SA1111.md) [D:\DEV\TicketsPlease\src\TicketsPlease.Application\TicketsPlease.Application.csproj]
D:\DEV\TicketsPlease\src\TicketsPlease.Application\Services\DashboardService.cs(1,1): warning SA1633: The file header is missing or not located at the top of the file. (https://github.com/DotNetAnalyzers/StyleCopAnalyzers/blob/master/documentation/SA1633.md) [D:\DEV\TicketsPlease\src\TicketsPlease.Application\TicketsPlease.Application.csproj]
D:\DEV\TicketsPlease\src\TicketsPlease.Application\Services\DashboardService.cs(67,9): warning SA1009: Closing parenthesis should not be preceded by a space (https://github.com/DotNetAnalyzers/StyleCopAnalyzers/blob/master/documentation/SA1009.md) [D:\DEV\TicketsPlease\src\TicketsPlease.Application\TicketsPlease.Application.csproj]
D:\DEV\TicketsPlease\src\TicketsPlease.Application\Services\DashboardService.cs(27,44): warning SA1028: Code should not contain trailing whitespace (https://github.com/DotNetAnalyzers/StyleCopAnalyzers/blob/master/documentation/SA1028.md) [D:\DEV\TicketsPlease\src\TicketsPlease.Application\TicketsPlease.Application.csproj]
D:\DEV\TicketsPlease\src\TicketsPlease.Application\Services\DashboardService.cs(28,46): warning SA1028: Code should not contain trailing whitespace (https://github.com/DotNetAnalyzers/StyleCopAnalyzers/blob/master/documentation/SA1028.md) [D:\DEV\TicketsPlease\src\TicketsPlease.Application\TicketsPlease.Application.csproj]
D:\DEV\TicketsPlease\src\TicketsPlease.Application\Services\DashboardService.cs(29,39): warning SA1028: Code should not contain trailing whitespace (https://github.com/DotNetAnalyzers/StyleCopAnalyzers/blob/master/documentation/SA1028.md) [D:\DEV\TicketsPlease\src\TicketsPlease.Application\TicketsPlease.Application.csproj]
D:\DEV\TicketsPlease\src\TicketsPlease.Application\Services\DashboardService.cs(44,1): warning SA1028: Code should not contain trailing whitespace (https://github.com/DotNetAnalyzers/StyleCopAnalyzers/blob/master/documentation/SA1028.md) [D:\DEV\TicketsPlease\src\TicketsPlease.Application\TicketsPlease.Application.csproj]
D:\DEV\TicketsPlease\src\TicketsPlease.Application\Services\TicketService.cs(152,26): warning CA2007: Aufruf von "ConfigureAwait" f├╝r erwarteten Task erw├ñgen (https://learn.microsoft.com/dotnet/fundamentals/code-analysis/quality-rules/ca2007) [D:\DEV\TicketsPlease\src\TicketsPlease.Application\TicketsPlease.Application.csproj]
D:\DEV\TicketsPlease\src\TicketsPlease.Application\Services\TicketService.cs(144,9): warning SA1515: Single-line comment should be preceded by blank line (https://github.com/DotNetAnalyzers/StyleCopAnalyzers/blob/master/documentation/SA1515.md) [D:\DEV\TicketsPlease\src\TicketsPlease.Application\TicketsPlease.Application.csproj]
D:\DEV\TicketsPlease\src\TicketsPlease.Application\Services\TicketService.cs(147,9): warning SA1515: Single-line comment should be preceded by blank line (https://github.com/DotNetAnalyzers/StyleCopAnalyzers/blob/master/documentation/SA1515.md) [D:\DEV\TicketsPlease\src\TicketsPlease.Application\TicketsPlease.Application.csproj]
D:\DEV\TicketsPlease\src\TicketsPlease.Application\Services\TicketService.cs(146,13): warning S1481: Remove the unused local variable 'allowedRole'. [D:\DEV\TicketsPlease\src\TicketsPlease.Application\TicketsPlease.Application.csproj]
D:\DEV\TicketsPlease\src\TicketsPlease.Application\Services\TicketService.cs(150,1): warning SA1028: Code should not contain trailing whitespace (https://github.com/DotNetAnalyzers/StyleCopAnalyzers/blob/master/documentation/SA1028.md) [D:\DEV\TicketsPlease\src\TicketsPlease.Application\TicketsPlease.Application.csproj]

Fehler beim Buildvorgang.

D:\DEV\TicketsPlease\src\TicketsPlease.Application\Common\Dtos\DashboardStatsDto.cs(1,1): warning SA1633: The file header is missing or not located at the top of the file. (https://github.com/DotNetAnalyzers/StyleCopAnalyzers/blob/master/documentation/SA1633.md) [D:\DEV\TicketsPlease\src\TicketsPlease.Application\TicketsPlease.Application.csproj]
D:\DEV\TicketsPlease\src\TicketsPlease.Application\Common\Dtos\DashboardStatsDto.cs(16,1): warning SA1009: Closing parenthesis should not be preceded by a space (https://github.com/DotNetAnalyzers/StyleCopAnalyzers/blob/master/documentation/SA1009.md) [D:\DEV\TicketsPlease\src\TicketsPlease.Application\TicketsPlease.Application.csproj]
D:\DEV\TicketsPlease\src\TicketsPlease.Application\Common\Interfaces\IDashboardService.cs(1,1): warning SA1633: The file header is missing or not located at the top of the file. (https://github.com/DotNetAnalyzers/StyleCopAnalyzers/blob/master/documentation/SA1633.md) [D:\DEV\TicketsPlease\src\TicketsPlease.Application\TicketsPlease.Application.csproj]
D:\DEV\TicketsPlease\src\TicketsPlease.Application\Services\MessageService.cs(96,21): warning SA1202: 'public' members should come before 'private' members (https://github.com/DotNetAnalyzers/StyleCopAnalyzers/blob/master/documentation/SA1202.md) [D:\DEV\TicketsPlease\src\TicketsPlease.Application\TicketsPlease.Application.csproj]
D:\DEV\TicketsPlease\src\TicketsPlease.Application\Services\DashboardService.cs(27,27): warning SA1611: The documentation for parameter 'ticketRepository' is missing (https://github.com/DotNetAnalyzers/StyleCopAnalyzers/blob/master/documentation/SA1611.md) [D:\DEV\TicketsPlease\src\TicketsPlease.Application\TicketsPlease.Application.csproj]
D:\DEV\TicketsPlease\src\TicketsPlease.Application\Services\DashboardService.cs(28,28): warning SA1611: The documentation for parameter 'projectRepository' is missing (https://github.com/DotNetAnalyzers/StyleCopAnalyzers/blob/master/documentation/SA1611.md) [D:\DEV\TicketsPlease\src\TicketsPlease.Application\TicketsPlease.Application.csproj]
D:\DEV\TicketsPlease\src\TicketsPlease.Application\Services\DashboardService.cs(29,27): warning SA1611: The documentation for parameter 'userManager' is missing (https://github.com/DotNetAnalyzers/StyleCopAnalyzers/blob/master/documentation/SA1611.md) [D:\DEV\TicketsPlease\src\TicketsPlease.Application\TicketsPlease.Application.csproj]
D:\DEV\TicketsPlease\src\TicketsPlease.Application\Services\DashboardService.cs(30,27): warning SA1611: The documentation for parameter 'roleManager' is missing (https://github.com/DotNetAnalyzers/StyleCopAnalyzers/blob/master/documentation/SA1611.md) [D:\DEV\TicketsPlease\src\TicketsPlease.Application\TicketsPlease.Application.csproj]
D:\DEV\TicketsPlease\src\TicketsPlease.Application\Services\DashboardService.cs(53,30): warning S3267: Loop should be simplified by calling Select(role => role.Name)) [D:\DEV\TicketsPlease\src\TicketsPlease.Application\TicketsPlease.Application.csproj]
D:\DEV\TicketsPlease\src\TicketsPlease.Application\Services\DashboardService.cs(67,9): warning SA1111: Closing parenthesis should be on line of last parameter (https://github.com/DotNetAnalyzers/StyleCopAnalyzers/blob/master/documentation/SA1111.md) [D:\DEV\TicketsPlease\src\TicketsPlease.Application\TicketsPlease.Application.csproj]
D:\DEV\TicketsPlease\src\TicketsPlease.Application\Services\DashboardService.cs(1,1): warning SA1633: The file header is missing or not located at the top of the file. (https://github.com/DotNetAnalyzers/StyleCopAnalyzers/blob/master/documentation/SA1633.md) [D:\DEV\TicketsPlease\src\TicketsPlease.Application\TicketsPlease.Application.csproj]
D:\DEV\TicketsPlease\src\TicketsPlease.Application\Services\DashboardService.cs(67,9): warning SA1009: Closing parenthesis should not be preceded by a space (https://github.com/DotNetAnalyzers/StyleCopAnalyzers/blob/master/documentation/SA1009.md) [D:\DEV\TicketsPlease\src\TicketsPlease.Application\TicketsPlease.Application.csproj]
D:\DEV\TicketsPlease\src\TicketsPlease.Application\Services\DashboardService.cs(27,44): warning SA1028: Code should not contain trailing whitespace (https://github.com/DotNetAnalyzers/StyleCopAnalyzers/blob/master/documentation/SA1028.md) [D:\DEV\TicketsPlease\src\TicketsPlease.Application\TicketsPlease.Application.csproj]
D:\DEV\TicketsPlease\src\TicketsPlease.Application\Services\DashboardService.cs(28,46): warning SA1028: Code should not contain trailing whitespace (https://github.com/DotNetAnalyzers/StyleCopAnalyzers/blob/master/documentation/SA1028.md) [D:\DEV\TicketsPlease\src\TicketsPlease.Application\TicketsPlease.Application.csproj]
D:\DEV\TicketsPlease\src\TicketsPlease.Application\Services\DashboardService.cs(29,39): warning SA1028: Code should not contain trailing whitespace (https://github.com/DotNetAnalyzers/StyleCopAnalyzers/blob/master/documentation/SA1028.md) [D:\DEV\TicketsPlease\src\TicketsPlease.Application\TicketsPlease.Application.csproj]
D:\DEV\TicketsPlease\src\TicketsPlease.Application\Services\DashboardService.cs(44,1): warning SA1028: Code should not contain trailing whitespace (https://github.com/DotNetAnalyzers/StyleCopAnalyzers/blob/master/documentation/SA1028.md) [D:\DEV\TicketsPlease\src\TicketsPlease.Application\TicketsPlease.Application.csproj]
D:\DEV\TicketsPlease\src\TicketsPlease.Application\Services\TicketService.cs(152,26): warning CA2007: Aufruf von "ConfigureAwait" f├╝r erwarteten Task erw├ñgen (https://learn.microsoft.com/dotnet/fundamentals/code-analysis/quality-rules/ca2007) [D:\DEV\TicketsPlease\src\TicketsPlease.Application\TicketsPlease.Application.csproj]
D:\DEV\TicketsPlease\src\TicketsPlease.Application\Services\TicketService.cs(144,9): warning SA1515: Single-line comment should be preceded by blank line (https://github.com/DotNetAnalyzers/StyleCopAnalyzers/blob/master/documentation/SA1515.md) [D:\DEV\TicketsPlease\src\TicketsPlease.Application\TicketsPlease.Application.csproj]
D:\DEV\TicketsPlease\src\TicketsPlease.Application\Services\TicketService.cs(147,9): warning SA1515: Single-line comment should be preceded by blank line (https://github.com/DotNetAnalyzers/StyleCopAnalyzers/blob/master/documentation/SA1515.md) [D:\DEV\TicketsPlease\src\TicketsPlease.Application\TicketsPlease.Application.csproj]
D:\DEV\TicketsPlease\src\TicketsPlease.Application\Services\TicketService.cs(146,13): warning S1481: Remove the unused local variable 'allowedRole'. [D:\DEV\TicketsPlease\src\TicketsPlease.Application\TicketsPlease.Application.csproj]
D:\DEV\TicketsPlease\src\TicketsPlease.Application\Services\TicketService.cs(150,1): warning SA1028: Code should not contain trailing whitespace (https://github.com/DotNetAnalyzers/StyleCopAnalyzers/blob/master/documentation/SA1028.md) [D:\DEV\TicketsPlease\src\TicketsPlease.Application\TicketsPlease.Application.csproj]
D:\DEV\TicketsPlease\src\TicketsPlease.Application\Services\TicketService.cs(153,50): error CS1061: "User" enth├ñlt keine Definition f├╝r "Name", und es konnte keine zug├ñngliche Name-Erweiterungsmethode gefunden werden, die ein erstes Argument vom Typ "User" akzeptiert (m├Âglicherweise fehlt eine using-Direktive oder ein Assemblyverweis). [D:\DEV\TicketsPlease\src\TicketsPlease.Application\TicketsPlease.Application.csproj]
D:\DEV\TicketsPlease\src\TicketsPlease.Application\Services\TicketService.cs(155,98): error CS1061: "User" enth├ñlt keine Definition f├╝r "Name", und es konnte keine zug├ñngliche Name-Erweiterungsmethode gefunden werden, die ein erstes Argument vom Typ "User" akzeptiert (m├Âglicherweise fehlt eine using-Direktive oder ein Assemblyverweis). [D:\DEV\TicketsPlease\src\TicketsPlease.Application\TicketsPlease.Application.csproj]
    21 Warnung(en)
    2 Fehler

Verstrichene Zeit 00:00:01.89
